2020-06-12 07:58:20 INFO  Opencart_Click:30 - PurposeCodeMaster Test started
2020-06-12 07:58:20 INFO  Opencart_Menu:52 - Click on Menu Desktop Menu
2020-06-12 07:58:20 INFO  Opencart_Menu:58 - Click on PC Menu
2020-06-12 07:58:21 INFO  Opencart_Menu:52 - Click on Menu Desktop Menu
2020-06-12 07:58:21 INFO  Opencart_Menu:64 - Click on MAC Menu
2020-06-12 07:58:22 INFO  Opencart_Menu:52 - Click on Menu Desktop Menu
2020-06-12 07:58:22 INFO  Opencart_Menu:70 - Click on Show All Desktop Menu
2020-06-12 09:38:39 INFO  Opencart_Click:30 - Opencart Click Test started
2020-06-12 09:38:39 INFO  Opencart_Menu:52 - Click on Menu Desktop Menu
2020-06-12 09:38:39 INFO  Opencart_Menu:58 - Click on PC Menu
2020-06-12 09:38:40 INFO  Opencart_Menu:52 - Click on Menu Desktop Menu
2020-06-12 09:38:40 INFO  Opencart_Menu:64 - Click on MAC Menu
2020-06-12 09:38:41 INFO  Opencart_Menu:52 - Click on Menu Desktop Menu
2020-06-12 09:38:41 INFO  Opencart_Menu:70 - Click on Show All Desktop Menu
2020-06-12 09:44:42 INFO  Opencart_Click:30 - Opencart Click Test started
2020-06-12 09:44:42 INFO  Opencart_Menu:52 - Click on Menu Desktop Menu
2020-06-12 09:44:42 INFO  Opencart_Menu:58 - Click on PC Menu
2020-06-12 09:44:44 INFO  Opencart_Menu:52 - Click on Menu Desktop Menu
2020-06-12 09:44:44 INFO  Opencart_Menu:64 - Click on MAC Menu
2020-06-12 09:44:45 INFO  Opencart_Menu:52 - Click on Menu Desktop Menu
2020-06-12 09:44:45 INFO  Opencart_Menu:70 - Click on Show All Desktop Menu
2020-06-12 09:46:04 INFO  Opencart_Click:30 - Opencart Click Test started
2020-06-12 09:46:04 INFO  Opencart_Menu:52 - Click on Menu Desktop Menu
2020-06-12 09:46:04 INFO  Opencart_Menu:58 - Click on PC Menu
2020-06-12 09:46:06 INFO  Opencart_Menu:52 - Click on Menu Desktop Menu
2020-06-12 09:46:06 INFO  Opencart_Menu:64 - Click on MAC Menu
2020-06-12 09:46:07 INFO  Opencart_Menu:52 - Click on Menu Desktop Menu
2020-06-12 09:46:07 INFO  Opencart_Menu:70 - Click on Show All Desktop Menu
2020-06-12 09:48:51 INFO  Opencart_Click:30 - Opencart Click Test started
2020-06-12 09:48:51 INFO  Opencart_Menu:52 - Click on Menu Desktop Menu
2020-06-12 09:48:51 INFO  Opencart_Menu:58 - Click on PC Menu
2020-06-12 09:48:53 INFO  Opencart_Menu:52 - Click on Menu Desktop Menu
2020-06-12 09:48:53 INFO  Opencart_Menu:64 - Click on MAC Menu
2020-06-12 09:48:54 INFO  Opencart_Menu:52 - Click on Menu Desktop Menu
2020-06-12 09:48:54 INFO  Opencart_Menu:70 - Click on Show All Desktop Menu
2020-06-12 09:55:11 INFO  Opencart_Click:30 - Opencart Click Test started
2020-06-12 09:55:11 INFO  Opencart_Menu:52 - Click on Menu Desktop Menu
2020-06-12 09:55:11 INFO  Opencart_Menu:58 - Click on PC Menu
2020-06-12 09:55:12 INFO  Opencart_Menu:52 - Click on Menu Desktop Menu
2020-06-12 09:55:12 INFO  Opencart_Menu:64 - Click on MAC Menu
2020-06-12 09:55:13 INFO  Opencart_Menu:52 - Click on Menu Desktop Menu
2020-06-12 09:55:13 INFO  Opencart_Menu:70 - Click on Show All Desktop Menu
2020-06-12 10:00:25 INFO  Opencart_Click:31 - Opencart Click Test started
2020-06-12 10:00:25 INFO  Opencart_Menu:52 - Click on Menu Desktop
2020-06-12 10:00:26 INFO  Opencart_Menu:58 - Click on PC Menu
2020-06-12 10:00:27 INFO  Opencart_Menu:52 - Click on Menu Desktop
2020-06-12 10:00:27 INFO  Opencart_Menu:64 - Click on MAC Menu
2020-06-12 10:01:24 INFO  Opencart_Click:31 - Opencart Click Test started
2020-06-12 10:01:24 INFO  Opencart_Menu:52 - Click on Menu Desktop
2020-06-12 10:01:24 INFO  Opencart_Menu:58 - Click on PC Menu
2020-06-12 10:01:26 INFO  Opencart_Menu:52 - Click on Menu Desktop
2020-06-12 10:01:26 INFO  Opencart_Menu:64 - Click on MAC Menu
2020-06-12 10:01:28 INFO  Opencart_Menu:52 - Click on Menu Desktop
2020-06-12 10:01:28 INFO  Opencart_Menu:70 - Click on Show All Desktop Menu
2020-06-12 10:04:35 INFO  Opencart_Menu:52 - Click on Menu Desktop
2020-06-12 10:04:35 INFO  Opencart_Menu:58 - Click on PC Menu
2020-06-12 10:04:37 INFO  Opencart_Menu:52 - Click on Menu Desktop
2020-06-12 10:04:37 INFO  Opencart_Menu:64 - Click on MAC Menu
2020-06-12 10:04:38 INFO  Opencart_Menu:52 - Click on Menu Desktop
2020-06-12 10:04:38 INFO  Opencart_Menu:70 - Click on Show All Desktop Menu
2020-06-12 10:07:01 INFO  Opencart_Menu:52 - Click on Menu Desktop
2020-06-12 10:07:02 INFO  Opencart_Menu:58 - Click on PC Menu
2020-06-12 10:07:03 INFO  Opencart_Menu:52 - Click on Menu Desktop
2020-06-12 10:07:03 INFO  Opencart_Menu:64 - Click on MAC Menu
2020-06-12 10:07:05 INFO  Opencart_Menu:52 - Click on Menu Desktop
2020-06-12 10:07:05 INFO  Opencart_Menu:70 - Click on Show All Desktop Menu
2020-06-12 10:16:02 INFO  Opencart_Menu:74 - http://opencart.abstracta.us/image/catalog/logo.png
2020-06-12 11:01:38 INFO  Opencart_Menu:74 - http://opencart.abstracta.us/image/catalog/logo.png
